// Jest Snapshot v1, https://goo.gl/fbAQLP

exports[`Loading component render should render a loading message 1`] = `
<span>
  loading...
</span>
`;
