// Jest Snapshot v1, https://goo.gl/fbAQLP

exports[`Error component render should render an error message 1`] = `
<span>
  error
</span>
`;
