// Jest Snapshot v1, https://goo.gl/fbAQLP

exports[`List component render should render the total price 1`] = `
<TotalWrapper
  colour="dark blue"
>
  Total: 25.7
</TotalWrapper>
`;
