// Jest Snapshot v1, https://goo.gl/fbAQLP

exports[`App component should render a collection of routes 1`] = `
<Switch
  key="routes"
>
  <Route
    component={[Function]}
    key="root"
    path="/"
  />
  <Route
    component={[Function]}
    key="page"
    path="/page"
  />
</Switch>
`;
